// Jest Snapshot v1, https://goo.gl/fbAQLP

exports[`TextMessenger should render normally 1`] = `
"<form onSubmit={[Function: _onSubmit]} onKeyDown={[Function (anonymous)]} onFocus={[Function (anonymous)]} onBlur={[Function (anonymous)]} onClick={[Function (anonymous)]} onDragEnter={[Function (anonymous)]} onDragOver={[Function (anonymous)]} onDragLeave={[Function (anonymous)]} onDrop={[Function (anonymous)]} tabIndex={0} id=\\"textmessenger-form\\" className=\\"jsx-3977293414 textmessenger-container\\">
  <Autosuggest suggestions={{...}} onSuggestionsFetchRequested={[Function: _onSuggestionsFetchRequested]} onSuggestionsClearRequested={[Function: _onSuggestionsClearRequested]} getSuggestionValue={[Function: _getSuggestionValue]} renderSuggestion={[Function: _renderSuggestion]} inputProps={{...}} renderSuggestionsContainer={[Function: defaultRenderSuggestionsContainer]} shouldRenderSuggestions={[Function: defaultShouldRenderSuggestions]} alwaysRenderSuggestions={false} multiSection={false} focusInputOnSuggestionClick={true} highlightFirstSuggestion={false} theme={{...}} id=\\"1\\" />
  <button id=\\"command-enter\\" aria-label=\\"Enter\\" className=\\"jsx-3977293414\\">
    <i className=\\"jsx-3977293414 fas fa-arrow-right\\" />
  </button>
  <button id=\\"command-upload\\" aria-label=\\"Upload\\" onClick={[Function: clickAttachmentBtn]} className=\\"jsx-3977293414\\">
    <i className=\\"jsx-3977293414 fas fa-paperclip\\" />
  </button>
  <input accept={[undefined]} multiple={true} type=\\"file\\" style={{...}} onChange={[Function (anonymous)]} onClick={[Function (anonymous)]} autoComplete=\\"off\\" tabIndex={-1} className=\\"jsx-3977293414\\" />
  <JSXStyle id=\\"4092293216\\" dynamic={{...}}>
    .textmessenger-container.__jsx-style-dynamic-selector{display:-webkit-box;display:-webkit-flex;display:-ms-flexbox;display:flex;font-size:0.8rem;position:relative;-webkit-box-pack:center;-webkit-justify-content:center;-ms-flex-pack:center;justify-content:center;display:-webkit-box;display:-webkit-flex;display:-ms-flexbox;display:flex;width:100%;}#command-enter.__jsx-style-dynamic-selector{height:2.2rem;-webkit-transition-property:color,background;transition-property:color,background;-webkit-transition-duration:.15s;transition-duration:.15s;-webkit-transition-timing-function:ease-in-out;transition-timing-function:ease-in-out;color:#FFF;border:none;background:none;font-size:0.8rem;-webkit-user-select:none;-moz-user-select:none;-ms-user-select:none;user-select:none;cursor:pointer;}#command-upload.__jsx-style-dynamic-selector{height:2.2rem;-webkit-transition-property:color,background;transition-property:color,background;-webkit-transition-duration:.15s;transition-duration:.15s;-webkit-transition-timing-function:ease-in-out;transition-timing-function:ease-in-out;color:#FFF;background:none;font-size:0.8rem;-webkit-user-select:none;-moz-user-select:none;-ms-user-select:none;user-select:none;cursor:pointer;}#command-enter.__jsx-style-dynamic-selector:hover,#command-upload.__jsx-style-dynamic-selector:hover{color:#000;background:#FFF;}#command-enter.__jsx-style-dynamic-selector:active{margin:1px 0 0 1px;}.textmessenger-container.__jsx-style-dynamic-selector .react-autosuggest__input{font-family:Inconsolata;background-color:transparent;width:200px;border:1px solid #FFF;margin:0;display:block;min-width:0;font-size:0.8rem;box-sizing:content-box;-webkit-tap-highlight-color:transparent;padding:0.5rem;border-radius:0.3rem;height:1.1rem;color:#FFF;text-shadow:0 0 0 #EBEBEB;}.textmessenger-container.__jsx-style-dynamic-selector .react-autosuggest__input:focus{outline:none;}.textmessenger-container.__jsx-style-dynamic-selector .react-autosuggest__input--focused{outline:none;}.textmessenger-container.__jsx-style-dynamic-selector .react-autosuggest__suggestions-container--open{border:1px solid #aaa;font-family:Inconsolata;color:#FFF;background:#000;font-size:1rem;z-index:2;margin-top:2px;text-align:left;padding:2px 4px;position:absolute;width:200px;}.textmessenger-container.__jsx-style-dynamic-selector .react-autosuggest__suggestions-list{margin:0;padding:0;list-style-type:none;}.textmessenger-container.__jsx-style-dynamic-selector .react-autosuggest__suggestion{cursor:pointer;}.textmessenger-container.__jsx-style-dynamic-selector .react-autosuggest__suggestion--highlighted{background-color:#DDD;color:#000;}
  </JSXStyle>
</form>"
`;
