// Jest Snapshot v1, https://goo.gl/fbAQLP

exports[`SocialFab renders lazy normally 1`] = `
"<Memo(SocialFab)>
  <NoSSR>
    <Suspense fallback={{...}}>
      <SocialFabNoSSR>
        <div className=\\"jsx-3835316992 fab\\">
          <div className=\\"jsx-3835316992 fab-action-button\\">
            <svg className=\\"jsx-3835316992 fab-action-button__icon\\">
              <use xlinkHref=\\"/img/social/social-sprite.svg#action\\" className=\\"jsx-3835316992\\" />
            </svg>
          </div>
          <ul className=\\"jsx-3835316992 fab-buttons\\">
            <li className=\\"jsx-3835316992 fab-buttons__item\\">
              <a target=\\"onnew\\" href=\\"//www.linkedin.com/in/han-yoong-33755361/\\" className=\\"jsx-3835316992 fab-buttons__link\\">
                <svg className=\\"jsx-3835316992 fab-action-button__icon\\">
                  <use xlinkHref=\\"/img/social/social-sprite.svg#linkedin\\" className=\\"jsx-3835316992\\" />
                </svg>
              </a>
            </li>
            <li className=\\"jsx-3835316992 fab-buttons__item\\">
              <a target=\\"onnew\\" href=\\"//github.com/yoonghan/Walcron\\" className=\\"jsx-3835316992 fab-buttons__link\\">
                <i className=\\"jsx-3835316992 icon-material icon-material_git\\" />
              </a>
            </li>
            <li className=\\"jsx-3835316992 fab-buttons__item\\">
              <a target=\\"onnew\\" href=\\"//stackoverflow.com/users/3893990/han\\" className=\\"jsx-3835316992 fab-buttons__link\\">
                <svg className=\\"jsx-3835316992 fab-action-button__icon\\">
                  <use xlinkHref=\\"/img/social/social-sprite.svg#so\\" className=\\"jsx-3835316992\\" />
                </svg>
              </a>
            </li>
            <li className=\\"jsx-3835316992 fab-buttons__item\\">
              <a target=\\"onnew\\" href=\\"//www.facebook.com/walcron.coorperation\\" className=\\"jsx-3835316992 fab-buttons__link\\">
                <svg className=\\"jsx-3835316992 fab-action-button__icon\\">
                  <use xlinkHref=\\"/img/social/social-sprite.svg#fb\\" className=\\"jsx-3835316992\\" />
                </svg>
              </a>
            </li>
            <li className=\\"jsx-3835316992 fab-buttons__item\\">
              <a onClick={[Function: onOpenEmail]} className=\\"jsx-3835316992 fab-buttons__link\\">
                <svg className=\\"jsx-3835316992 fab-action-button__icon\\">
                  <use xlinkHref=\\"/img/social/social-sprite.svg#gm\\" className=\\"jsx-3835316992\\" />
                </svg>
              </a>
            </li>
          </ul>
          <JSXStyle id=\\"3835316992\\" />
        </div>
      </SocialFabNoSSR>
    </Suspense>
  </NoSSR>
</Memo(SocialFab)>"
`;
