// Jest Snapshot v1, https://goo.gl/fbAQLP

exports[`Creation renders normally 1`] = `
"<div className=\\"jsx-4192915597 container\\">
  <section className=\\"jsx-4192915597 indexer\\">
    <h3 className=\\"jsx-4192915597\\">
      Contents:
    </h3>
    <ul className=\\"jsx-4192915597\\">
      <li>
        <a href=\\"#1\\">
          title1
        </a>
      </li>
      <li>
        <a href=\\"#2\\">
          title2
        </a>
      </li>
    </ul>
  </section>
  <article className=\\"jsx-1738278556\\">
    <div id=\\"1\\" className=\\"jsx-1738278556\\">
      <h2 className=\\"jsx-1738278556 title\\">
        title1
      </h2>
      <img src=\\"/img/creation/img1\\" alt=\\"Screenshot for title1\\" className=\\"jsx-2213729925\\" />
      <JSXStyle id=\\"2213729925\\">
        img.jsx-2213729925{max-width:400px;max-height:300px;}
      </JSXStyle>
      <div className=\\"jsx-1738278556 container\\">
        <p className=\\"jsx-1738278556\\">
          desc1
        </p>
        <div className=\\"jsx-1738278556 btn-container\\">
          <Button onClickCallback={[Function (anonymous)]}>
            View
          </Button>
        </div>
      </div>
    </div>
    <JSXStyle id=\\"2949063664\\" dynamic={{...}}>
      .title.__jsx-style-dynamic-selector{padding:0.5rem;color:#00b4ef;background-color:#c4f0f6;border-radius:0.5rem 0.5rem 0 0;margin-bottom:0;}.container.__jsx-style-dynamic-selector{padding:0 1rem;border:1px solid;background-color:rgba(20,20,20,0.8);}article.__jsx-style-dynamic-selector{color:#BEBEBE;margin:0 0.5rem;}.btn-container.__jsx-style-dynamic-selector{padding:40px 0;}
    </JSXStyle>
  </article>
  <article className=\\"jsx-1738278556\\">
    <div id=\\"2\\" className=\\"jsx-1738278556\\">
      <h2 className=\\"jsx-1738278556 title\\">
        title2
      </h2>
      <img src=\\"/img/creation/img2\\" alt=\\"Screenshot for title2\\" className=\\"jsx-2213729925\\" />
      <JSXStyle id=\\"2213729925\\">
        img.jsx-2213729925{max-width:400px;max-height:300px;}
      </JSXStyle>
      <div className=\\"jsx-1738278556 container\\">
        <p className=\\"jsx-1738278556\\">
          desc2
        </p>
        <div className=\\"jsx-1738278556 btn-container\\">
          <Button onClickCallback={[Function (anonymous)]}>
            View
          </Button>
        </div>
      </div>
    </div>
    <JSXStyle id=\\"2949063664\\" dynamic={{...}}>
      .title.__jsx-style-dynamic-selector{padding:0.5rem;color:#00b4ef;background-color:#c4f0f6;border-radius:0.5rem 0.5rem 0 0;margin-bottom:0;}.container.__jsx-style-dynamic-selector{padding:0 1rem;border:1px solid;background-color:rgba(20,20,20,0.8);}article.__jsx-style-dynamic-selector{color:#BEBEBE;margin:0 0.5rem;}.btn-container.__jsx-style-dynamic-selector{padding:40px 0;}
    </JSXStyle>
  </article>
  <JSXStyle id=\\"1886721737\\" dynamic={{...}}>
    .indexer.__jsx-style-dynamic-selector{border:1px double #BEBEBE;color:#BEBEBE;padding:20px;border-radius:5px;max-width:360px;margin:40px auto;}.indexer a{color:#FFF;}.container.__jsx-style-dynamic-selector{max-width:640px;margin:auto;}ul.__jsx-style-dynamic-selector&gt;li{padding:10px 0;}
  </JSXStyle>
</div>"
`;
