// Jest Snapshot v1, https://goo.gl/fbAQLP

exports[`Creation v2 renders normally 1`] = `
"<NoSSR>
  <Dynamic width=\\"-100\\" height=\\"-300\\" displayQuantityOfSide={1} navigation={false} enableScroll={true} clickable={true} active={0}>
    <Card id=\\"1\\" link=\\"link1\\" title=\\"title1\\" desc=\\"desc1\\" gitLink=\\"gitlink1\\" screenshot=\\"img1\\" imgSrc=\\"imgSrc1\\" usage=\\"desc1\\" internal={true} />
    <Card id=\\"2\\" link=\\"link2\\" title=\\"title2\\" desc=\\"desc2\\" screenshot=\\"img2\\" imgSrc=\\"imgSrc2\\" usage=\\"desc2\\\\ndesc2_2\\\\ndesc2_3\\" internal={false} />
  </Dynamic>
</NoSSR>"
`;
