// Jest Snapshot v1, https://goo.gl/fbAQLP

exports[`Loader renders normally 1`] = `
"<Loader>
  <div style={{...}} id=\\"walcron_id_loader\\">
    <ForwardRef style={{...}}>
      <div style={{...}} />
    </ForwardRef>
  </div>
</Loader>"
`;
