// Jest Snapshot v1, https://goo.gl/fbAQLP

exports[`LetterBox renders normally 1`] = `
"<div>
  If you are interested to talk to us, leave us your contact. Let us reach you instead.
  <NoJavascriptInverse noScriptElem={{...}}>
    <form onSubmit={[Function (anonymous)]} className=\\"jsx-4258014400 letterbox-container\\">
      <input type=\\"text\\" autoComplete=\\"off\\" maxLength={200} placeholder=\\"Honorific and name\\" onChange={[Function (anonymous)]} value=\\"\\" className=\\"jsx-4258014400 letterbox-input\\" />
      <Button onClickCallback={[Function (anonymous)]}>
        Send
      </Button>
      <JSXStyle id=\\"2580228993\\" dynamic={{...}}>
        .letterbox-container.__jsx-style-dynamic-selector{display:-webkit-box;display:-webkit-flex;display:-ms-flexbox;display:flex;margin-top:20px;-webkit-box-pack:center;-webkit-justify-content:center;-ms-flex-pack:center;justify-content:center;}.gap.__jsx-style-dynamic-selector{margin-top:20px;}.letterbox-input.__jsx-style-dynamic-selector{color:#FFF;background-color:transparent;border:1px solid #FFF;margin:0;min-width:200px;display:block;font-size:1rem;box-sizing:content-box;padding:1rem;border-radius:0.3rem;height:1.1rem;text-shadow:0 0 0 #EBEBEB;}
      </JSXStyle>
    </form>
  </NoJavascriptInverse>
</div>"
`;
